// Vitest Snapshot v1, https://vitest.dev/guide/snapshot.html

exports[`Renders the logs 1`] = `
<DocumentFragment>
  <div>
    <h3>
      User files
    </h3>
    <p>
      This app takes screenshots at regular intervals (configurable below), and logs mouse and keyboard inputs.
    </p>
    <button
      class="ml-0"
    >
      Open Files Folder
    </button>
    <span
      class="ml-2 text-xs text-gray-500"
    >
      /User/test/files
    </span>
    <div
      class="flex gap-2.5"
    >
      <a
        class="text-blue-600 no-underline cursor-pointer"
        href="http://localhost:8765/today"
      >
        today
      </a>
      <a
        class="text-blue-600 no-underline cursor-pointer"
        href="http://localhost:8765/yesterday"
      >
        yesterday
      </a>
      <a
        class="text-blue-600 no-underline cursor-pointer"
        href="http://localhost:8765/last7days"
      >
        week
      </a>
    </div>
    <div
      class="flex gap-5 mt-5"
    >
      <div
        class="min-w-[220px] max-w-[250px] pr-2 border-r border-gray-200 text-sm"
        style="max-height: 600px; overflow-y: auto;"
      >
        <div
          class="font-bold mb-2"
        >
          Table of Contents
        </div>
        <div
          class="mb-2"
        >
          <div
            class="font-semibold"
          >
            2025-09
          </div>
          <div
            style="margin-left: 10px;"
          >
            <div
              class="mb-1"
            >
              <div
                class="text-xs text-gray-600"
              >
                <a
                  class="text-blue-500 hover:underline"
                  href="#week-2025-W38"
                >
                  2025-W38
                </a>
              </div>
              <div
                style="margin-left: 10px;"
              >
                <div>
                  <a
                    class="text-blue-700 hover:underline"
                    href="#day-2025-09-19"
                    style="font-size: 13px;"
                  >
                    Thu, Sep 18
                  </a>
                </div>
              </div>
            </div>
          </div>
        </div>
      </div>
      <div
        class="min-w-[300px] flex-1"
      >
        <div
          class="mb-2.5"
          id="day-2025-09-19"
        >
          <div
            class="mb-1 font-bold flex items-center"
          >
            <span
              class="mr-auto"
            >
              Friday, September 19, 2025
            </span>
            <button
              class="bg-blue-500 hover:bg-blue-700 text-white font-bold rounded ml-2 px-2 py-0.5 text-xs"
            >
              regenerate summary
            </button>
            <button
              class="ml-2 px-2 py-2 text-xs text-blue-800 font-normal"
            >
              Raw
            </button>
            <button
              class="ml-2 px-2 py-0.5 text-xs text-green-800 font-normal"
            >
              By App
            </button>
            <button
              class="ml-2 px-2 py-0.5 text-xs text-green-800 font-normal"
            >
              Chronological
            </button>
          </div>
          <div
            class="flex flex-col gap-1"
          >
            <div
              class="whitespace-pre-wrap p-3 rounded text-sm bg-gray-100"
            >
              This is a daily summary
            </div>
          </div>
        </div>
        <div
          class="mb-2.5"
          id="day-2025-09-12"
        >
          <div
            class="mb-1 font-bold flex items-center"
          >
            <span
              class="mr-auto"
            >
              Week of Monday, September 8, 2025 to Sunday, September 14, 2025
            </span>
            <button
              class="bg-blue-500 hover:bg-blue-700 text-white font-bold rounded ml-2 px-2 py-0.5 text-xs"
            >
              regenerate summary
            </button>
            <button
              class="ml-2 px-2 py-2 text-xs text-blue-800 font-normal"
            >
              Raw
            </button>
            <button
              class="ml-2 px-2 py-0.5 text-xs text-green-800 font-normal"
            >
              By App
            </button>
            <button
              class="ml-2 px-2 py-0.5 text-xs text-green-800 font-normal"
            >
              Chronological
            </button>
          </div>
          <div
            class="flex flex-col gap-1"
          >
            <div
              class="whitespace-pre-wrap p-3 rounded text-sm bg-sky-50"
            >
              This is a weekly summary
            </div>
          </div>
        </div>
      </div>
    </div>
  </div>
</DocumentFragment>
`;
